// Jest Snapshot v1, https://goo.gl/fbAQLP

exports[`<TableRow /> shoud match snapshot 1`] = `
ShallowWrapper {
  "complexSelector": ComplexSelector {
    "buildPredicate": [Function],
    "childrenOfNode": [Function],
    "findWhereUnwrapped": [Function],
  },
  "length": 1,
  "node": <div
    className={undefined}
    style={
        Object {
            "gridTemplateColumns": "repeat(1, 1fr) 0.5fr",
          }
    }
>
    <TableRowColumn>
        Row
    </TableRowColumn>
</div>,
  "nodes": Array [
    <div
      className={undefined}
      style={
            Object {
                  "gridTemplateColumns": "repeat(1, 1fr) 0.5fr",
                }
      }
>
      <TableRowColumn>
            Row
      </TableRowColumn>
</div>,
  ],
  "options": Object {},
  "renderer": ReactShallowRenderer {
    "_instance": ShallowComponentWrapper {
      "_calledComponentWillUnmount": false,
      "_compositeType": 2,
      "_context": Object {},
      "_currentElement": <TableRow>
        <TableRowColumn>
                Row
        </TableRowColumn>
</TableRow>,
      "_debugID": 1,
      "_hostContainerInfo": null,
      "_hostParent": null,
      "_instance": StatelessComponent {
        "_reactInternalInstance": [Circular],
        "context": Object {},
        "props": Object {
          "children": <TableRowColumn>
            Row
</TableRowColumn>,
        },
        "refs": Object {},
        "state": null,
        "updater": Object {
          "enqueueCallback": [Function],
          "enqueueCallbackInternal": [Function],
          "enqueueElementInternal": [Function],
          "enqueueForceUpdate": [Function],
          "enqueueReplaceState": [Function],
          "enqueueSetState": [Function],
          "isMounted": [Function],
          "validateCallback": [Function],
        },
      },
      "_mountOrder": 1,
      "_pendingCallbacks": null,
      "_pendingElement": null,
      "_pendingForceUpdate": false,
      "_pendingReplaceState": false,
      "_pendingStateQueue": null,
      "_renderedComponent": NoopInternalComponent {
        "_currentElement": <div
          className={undefined}
          style={
                    Object {
                              "gridTemplateColumns": "repeat(1, 1fr) 0.5fr",
                            }
          }
>
          <TableRowColumn>
                    Row
          </TableRowColumn>
</div>,
        "_debugID": 2,
        "_renderedOutput": <div
          className={undefined}
          style={
                    Object {
                              "gridTemplateColumns": "repeat(1, 1fr) 0.5fr",
                            }
          }
>
          <TableRowColumn>
                    Row
          </TableRowColumn>
</div>,
      },
      "_renderedNodeType": 0,
      "_rootNodeID": 0,
      "_topLevelWrapper": null,
      "_updateBatchNumber": null,
      "_warnedAboutRefsInRender": false,
    },
    "getRenderOutput": [Function],
    "render": [Function],
  },
  "root": [Circular],
  "unrendered": <TableRow>
    <TableRowColumn>
        Row
    </TableRowColumn>
</TableRow>,
}
`;
