// Jest Snapshot v1, https://goo.gl/fbAQLP

exports[`<HomePage /> snapshot tests should render the page message 1`] = `
ShallowWrapper {
  "length": 1,
  Symbol(enzyme.__root__): [Circular],
  Symbol(enzyme.__unrendered__): <HomePage />,
  Symbol(enzyme.__renderer__): Object {
    "batchedUpdates": [Function],
    "getNode": [Function],
    "render": [Function],
    "simulateEvent": [Function],
    "unmount": [Function],
  },
  Symbol(enzyme.__node__): Object {
    "instance": null,
    "key": undefined,
    "nodeType": "class",
    "props": Object {
      "children": Array [
        <HelmetWrapper
          encodeSpecialCharacters={true}
        >
          <title>
            Home
          </title>
          <meta
            content="home page of Omnibus Care Plan application"
            name="description"
          />
        </HelmetWrapper>,
        <LoadableComponent
          componentMetadata={
            Array [
              Object {
                "factoryMethod": [Function],
                "name": "organizations",
                "text": "Organizations",
              },
              Object {
                "factoryMethod": [Function],
                "name": "practitioners",
                "text": "Practitioners",
              },
              Object {
                "factoryMethod": [Function],
                "name": "locations",
                "text": "Locations",
              },
              Object {
                "factoryMethod": [Function],
                "name": "healthcareServices",
                "text": "Healthcare Services",
              },
            ]
          }
          containerId="golden-home"
          stateMetadata={
            Object {
              "content": Array [
                Object {
                  "content": Array [
                    Object {
                      "content": Array [
                        Object {
                          "activeItemIndex": 0,
                          "content": Array [
                            Object {
                              "componentName": "organizations",
                              "isClosable": true,
                              "reorderEnabled": true,
                              "title": "Organizations",
                              "type": "component",
                            },
                          ],
                          "header": Object {},
                          "height": 50,
                          "isClosable": true,
                          "reorderEnabled": true,
                          "title": "",
                          "type": "stack",
                        },
                        Object {
                          "activeItemIndex": 0,
                          "content": Array [
                            Object {
                              "componentName": "practitioners",
                              "isClosable": true,
                              "reorderEnabled": true,
                              "title": "Practitioners",
                              "type": "component",
                            },
                          ],
                          "header": Object {},
                          "height": 50,
                          "isClosable": true,
                          "reorderEnabled": true,
                          "title": "",
                          "type": "stack",
                          "width": 50,
                        },
                      ],
                      "isClosable": true,
                      "reorderEnabled": true,
                      "title": "",
                      "type": "column",
                      "width": 50,
                    },
                    Object {
                      "content": Array [
                        Object {
                          "activeItemIndex": 0,
                          "content": Array [
                            Object {
                              "componentName": "locations",
                              "isClosable": true,
                              "reorderEnabled": true,
                              "title": "Location",
                              "type": "component",
                            },
                          ],
                          "header": Object {},
                          "height": 50,
                          "isClosable": true,
                          "reorderEnabled": true,
                          "title": "",
                          "type": "stack",
                        },
                        Object {
                          "activeItemIndex": 0,
                          "content": Array [
                            Object {
                              "componentName": "healthcareServices",
                              "isClosable": true,
                              "reorderEnabled": true,
                              "title": "Healthcare Services",
                              "type": "component",
                            },
                          ],
                          "height": 50,
                          "isClosable": true,
                          "reorderEnabled": true,
                          "title": "",
                          "type": "stack",
                          "width": 50,
                        },
                      ],
                      "isClosable": true,
                      "reorderEnabled": true,
                      "title": "",
                      "type": "column",
                      "width": 50,
                    },
                  ],
                  "isClosable": true,
                  "reorderEnabled": true,
                  "title": "",
                  "type": "row",
                },
              ],
              "dimensions": Object {
                "borderGrabWidth": 15,
                "borderWidth": 5,
                "dragProxyHeight": 200,
                "dragProxyWidth": 300,
                "headerHeight": 30,
                "minItemHeight": 10,
                "minItemWidth": 10,
              },
              "isClosable": true,
              "labels": Object {
                "close": "close",
                "maximise": "maximise",
                "minimise": "minimise",
                "popin": "pop in",
                "popout": "open in new window",
                "tabDropdown": "additional tabs",
              },
              "maximisedItemId": null,
              "openPopouts": Array [],
              "reorderEnabled": true,
              "settings": Object {
                "blockedPopoutsThrowError": true,
                "closePopoutsOnUnload": true,
                "constrainDragToContainer": false,
                "hasHeaders": true,
                "popoutWholeStack": false,
                "reorderEnabled": true,
                "reorderOnTabMenuClick": true,
                "responsiveMode": "onload",
                "selectionEnabled": false,
                "showCloseIcon": true,
                "showMaximiseIcon": true,
                "showPopoutIcon": false,
                "tabControlOffset": 10,
                "tabOverlapAllowance": 0,
              },
              "title": "",
            }
          }
        />,
      ],
    },
    "ref": null,
    "rendered": Array [
      Object {
        "instance": null,
        "key": undefined,
        "nodeType": "class",
        "props": Object {
          "children": Array [
            <title>
              Home
            </title>,
            <meta
              content="home page of Omnibus Care Plan application"
              name="description"
            />,
          ],
          "encodeSpecialCharacters": true,
        },
        "ref": null,
        "rendered": Array [
          Object {
            "instance": null,
            "key": undefined,
            "nodeType": "host",
            "props": Object {
              "children": "Home",
            },
            "ref": null,
            "rendered": "Home",
            "type": "title",
          },
          Object {
            "instance": null,
            "key": undefined,
            "nodeType": "host",
            "props": Object {
              "content": "home page of Omnibus Care Plan application",
              "name": "description",
            },
            "ref": null,
            "rendered": null,
            "type": "meta",
          },
        ],
        "type": [Function],
      },
      Object {
        "instance": null,
        "key": undefined,
        "nodeType": "class",
        "props": Object {
          "componentMetadata": Array [
            Object {
              "factoryMethod": [Function],
              "name": "organizations",
              "text": "Organizations",
            },
            Object {
              "factoryMethod": [Function],
              "name": "practitioners",
              "text": "Practitioners",
            },
            Object {
              "factoryMethod": [Function],
              "name": "locations",
              "text": "Locations",
            },
            Object {
              "factoryMethod": [Function],
              "name": "healthcareServices",
              "text": "Healthcare Services",
            },
          ],
          "containerId": "golden-home",
          "stateMetadata": Object {
            "content": Array [
              Object {
                "content": Array [
                  Object {
                    "content": Array [
                      Object {
                        "activeItemIndex": 0,
                        "content": Array [
                          Object {
                            "componentName": "organizations",
                            "isClosable": true,
                            "reorderEnabled": true,
                            "title": "Organizations",
                            "type": "component",
                          },
                        ],
                        "header": Object {},
                        "height": 50,
                        "isClosable": true,
                        "reorderEnabled": true,
                        "title": "",
                        "type": "stack",
                      },
                      Object {
                        "activeItemIndex": 0,
                        "content": Array [
                          Object {
                            "componentName": "practitioners",
                            "isClosable": true,
                            "reorderEnabled": true,
                            "title": "Practitioners",
                            "type": "component",
                          },
                        ],
                        "header": Object {},
                        "height": 50,
                        "isClosable": true,
                        "reorderEnabled": true,
                        "title": "",
                        "type": "stack",
                        "width": 50,
                      },
                    ],
                    "isClosable": true,
                    "reorderEnabled": true,
                    "title": "",
                    "type": "column",
                    "width": 50,
                  },
                  Object {
                    "content": Array [
                      Object {
                        "activeItemIndex": 0,
                        "content": Array [
                          Object {
                            "componentName": "locations",
                            "isClosable": true,
                            "reorderEnabled": true,
                            "title": "Location",
                            "type": "component",
                          },
                        ],
                        "header": Object {},
                        "height": 50,
                        "isClosable": true,
                        "reorderEnabled": true,
                        "title": "",
                        "type": "stack",
                      },
                      Object {
                        "activeItemIndex": 0,
                        "content": Array [
                          Object {
                            "componentName": "healthcareServices",
                            "isClosable": true,
                            "reorderEnabled": true,
                            "title": "Healthcare Services",
                            "type": "component",
                          },
                        ],
                        "height": 50,
                        "isClosable": true,
                        "reorderEnabled": true,
                        "title": "",
                        "type": "stack",
                        "width": 50,
                      },
                    ],
                    "isClosable": true,
                    "reorderEnabled": true,
                    "title": "",
                    "type": "column",
                    "width": 50,
                  },
                ],
                "isClosable": true,
                "reorderEnabled": true,
                "title": "",
                "type": "row",
              },
            ],
            "dimensions": Object {
              "borderGrabWidth": 15,
              "borderWidth": 5,
              "dragProxyHeight": 200,
              "dragProxyWidth": 300,
              "headerHeight": 30,
              "minItemHeight": 10,
              "minItemWidth": 10,
            },
            "isClosable": true,
            "labels": Object {
              "close": "close",
              "maximise": "maximise",
              "minimise": "minimise",
              "popin": "pop in",
              "popout": "open in new window",
              "tabDropdown": "additional tabs",
            },
            "maximisedItemId": null,
            "openPopouts": Array [],
            "reorderEnabled": true,
            "settings": Object {
              "blockedPopoutsThrowError": true,
              "closePopoutsOnUnload": true,
              "constrainDragToContainer": false,
              "hasHeaders": true,
              "popoutWholeStack": false,
              "reorderEnabled": true,
              "reorderOnTabMenuClick": true,
              "responsiveMode": "onload",
              "selectionEnabled": false,
              "showCloseIcon": true,
              "showMaximiseIcon": true,
              "showPopoutIcon": false,
              "tabControlOffset": 10,
              "tabOverlapAllowance": 0,
            },
            "title": "",
          },
        },
        "ref": null,
        "rendered": null,
        "type": [Function],
      },
    ],
    "type": [Function],
  },
  Symbol(enzyme.__nodes__): Array [
    Object {
      "instance": null,
      "key": undefined,
      "nodeType": "class",
      "props": Object {
        "children": Array [
          <HelmetWrapper
            encodeSpecialCharacters={true}
          >
            <title>
              Home
            </title>
            <meta
              content="home page of Omnibus Care Plan application"
              name="description"
            />
          </HelmetWrapper>,
          <LoadableComponent
            componentMetadata={
              Array [
                Object {
                  "factoryMethod": [Function],
                  "name": "organizations",
                  "text": "Organizations",
                },
                Object {
                  "factoryMethod": [Function],
                  "name": "practitioners",
                  "text": "Practitioners",
                },
                Object {
                  "factoryMethod": [Function],
                  "name": "locations",
                  "text": "Locations",
                },
                Object {
                  "factoryMethod": [Function],
                  "name": "healthcareServices",
                  "text": "Healthcare Services",
                },
              ]
            }
            containerId="golden-home"
            stateMetadata={
              Object {
                "content": Array [
                  Object {
                    "content": Array [
                      Object {
                        "content": Array [
                          Object {
                            "activeItemIndex": 0,
                            "content": Array [
                              Object {
                                "componentName": "organizations",
                                "isClosable": true,
                                "reorderEnabled": true,
                                "title": "Organizations",
                                "type": "component",
                              },
                            ],
                            "header": Object {},
                            "height": 50,
                            "isClosable": true,
                            "reorderEnabled": true,
                            "title": "",
                            "type": "stack",
                          },
                          Object {
                            "activeItemIndex": 0,
                            "content": Array [
                              Object {
                                "componentName": "practitioners",
                                "isClosable": true,
                                "reorderEnabled": true,
                                "title": "Practitioners",
                                "type": "component",
                              },
                            ],
                            "header": Object {},
                            "height": 50,
                            "isClosable": true,
                            "reorderEnabled": true,
                            "title": "",
                            "type": "stack",
                            "width": 50,
                          },
                        ],
                        "isClosable": true,
                        "reorderEnabled": true,
                        "title": "",
                        "type": "column",
                        "width": 50,
                      },
                      Object {
                        "content": Array [
                          Object {
                            "activeItemIndex": 0,
                            "content": Array [
                              Object {
                                "componentName": "locations",
                                "isClosable": true,
                                "reorderEnabled": true,
                                "title": "Location",
                                "type": "component",
                              },
                            ],
                            "header": Object {},
                            "height": 50,
                            "isClosable": true,
                            "reorderEnabled": true,
                            "title": "",
                            "type": "stack",
                          },
                          Object {
                            "activeItemIndex": 0,
                            "content": Array [
                              Object {
                                "componentName": "healthcareServices",
                                "isClosable": true,
                                "reorderEnabled": true,
                                "title": "Healthcare Services",
                                "type": "component",
                              },
                            ],
                            "height": 50,
                            "isClosable": true,
                            "reorderEnabled": true,
                            "title": "",
                            "type": "stack",
                            "width": 50,
                          },
                        ],
                        "isClosable": true,
                        "reorderEnabled": true,
                        "title": "",
                        "type": "column",
                        "width": 50,
                      },
                    ],
                    "isClosable": true,
                    "reorderEnabled": true,
                    "title": "",
                    "type": "row",
                  },
                ],
                "dimensions": Object {
                  "borderGrabWidth": 15,
                  "borderWidth": 5,
                  "dragProxyHeight": 200,
                  "dragProxyWidth": 300,
                  "headerHeight": 30,
                  "minItemHeight": 10,
                  "minItemWidth": 10,
                },
                "isClosable": true,
                "labels": Object {
                  "close": "close",
                  "maximise": "maximise",
                  "minimise": "minimise",
                  "popin": "pop in",
                  "popout": "open in new window",
                  "tabDropdown": "additional tabs",
                },
                "maximisedItemId": null,
                "openPopouts": Array [],
                "reorderEnabled": true,
                "settings": Object {
                  "blockedPopoutsThrowError": true,
                  "closePopoutsOnUnload": true,
                  "constrainDragToContainer": false,
                  "hasHeaders": true,
                  "popoutWholeStack": false,
                  "reorderEnabled": true,
                  "reorderOnTabMenuClick": true,
                  "responsiveMode": "onload",
                  "selectionEnabled": false,
                  "showCloseIcon": true,
                  "showMaximiseIcon": true,
                  "showPopoutIcon": false,
                  "tabControlOffset": 10,
                  "tabOverlapAllowance": 0,
                },
                "title": "",
              }
            }
          />,
        ],
      },
      "ref": null,
      "rendered": Array [
        Object {
          "instance": null,
          "key": undefined,
          "nodeType": "class",
          "props": Object {
            "children": Array [
              <title>
                Home
              </title>,
              <meta
                content="home page of Omnibus Care Plan application"
                name="description"
              />,
            ],
            "encodeSpecialCharacters": true,
          },
          "ref": null,
          "rendered": Array [
            Object {
              "instance": null,
              "key": undefined,
              "nodeType": "host",
              "props": Object {
                "children": "Home",
              },
              "ref": null,
              "rendered": "Home",
              "type": "title",
            },
            Object {
              "instance": null,
              "key": undefined,
              "nodeType": "host",
              "props": Object {
                "content": "home page of Omnibus Care Plan application",
                "name": "description",
              },
              "ref": null,
              "rendered": null,
              "type": "meta",
            },
          ],
          "type": [Function],
        },
        Object {
          "instance": null,
          "key": undefined,
          "nodeType": "class",
          "props": Object {
            "componentMetadata": Array [
              Object {
                "factoryMethod": [Function],
                "name": "organizations",
                "text": "Organizations",
              },
              Object {
                "factoryMethod": [Function],
                "name": "practitioners",
                "text": "Practitioners",
              },
              Object {
                "factoryMethod": [Function],
                "name": "locations",
                "text": "Locations",
              },
              Object {
                "factoryMethod": [Function],
                "name": "healthcareServices",
                "text": "Healthcare Services",
              },
            ],
            "containerId": "golden-home",
            "stateMetadata": Object {
              "content": Array [
                Object {
                  "content": Array [
                    Object {
                      "content": Array [
                        Object {
                          "activeItemIndex": 0,
                          "content": Array [
                            Object {
                              "componentName": "organizations",
                              "isClosable": true,
                              "reorderEnabled": true,
                              "title": "Organizations",
                              "type": "component",
                            },
                          ],
                          "header": Object {},
                          "height": 50,
                          "isClosable": true,
                          "reorderEnabled": true,
                          "title": "",
                          "type": "stack",
                        },
                        Object {
                          "activeItemIndex": 0,
                          "content": Array [
                            Object {
                              "componentName": "practitioners",
                              "isClosable": true,
                              "reorderEnabled": true,
                              "title": "Practitioners",
                              "type": "component",
                            },
                          ],
                          "header": Object {},
                          "height": 50,
                          "isClosable": true,
                          "reorderEnabled": true,
                          "title": "",
                          "type": "stack",
                          "width": 50,
                        },
                      ],
                      "isClosable": true,
                      "reorderEnabled": true,
                      "title": "",
                      "type": "column",
                      "width": 50,
                    },
                    Object {
                      "content": Array [
                        Object {
                          "activeItemIndex": 0,
                          "content": Array [
                            Object {
                              "componentName": "locations",
                              "isClosable": true,
                              "reorderEnabled": true,
                              "title": "Location",
                              "type": "component",
                            },
                          ],
                          "header": Object {},
                          "height": 50,
                          "isClosable": true,
                          "reorderEnabled": true,
                          "title": "",
                          "type": "stack",
                        },
                        Object {
                          "activeItemIndex": 0,
                          "content": Array [
                            Object {
                              "componentName": "healthcareServices",
                              "isClosable": true,
                              "reorderEnabled": true,
                              "title": "Healthcare Services",
                              "type": "component",
                            },
                          ],
                          "height": 50,
                          "isClosable": true,
                          "reorderEnabled": true,
                          "title": "",
                          "type": "stack",
                          "width": 50,
                        },
                      ],
                      "isClosable": true,
                      "reorderEnabled": true,
                      "title": "",
                      "type": "column",
                      "width": 50,
                    },
                  ],
                  "isClosable": true,
                  "reorderEnabled": true,
                  "title": "",
                  "type": "row",
                },
              ],
              "dimensions": Object {
                "borderGrabWidth": 15,
                "borderWidth": 5,
                "dragProxyHeight": 200,
                "dragProxyWidth": 300,
                "headerHeight": 30,
                "minItemHeight": 10,
                "minItemWidth": 10,
              },
              "isClosable": true,
              "labels": Object {
                "close": "close",
                "maximise": "maximise",
                "minimise": "minimise",
                "popin": "pop in",
                "popout": "open in new window",
                "tabDropdown": "additional tabs",
              },
              "maximisedItemId": null,
              "openPopouts": Array [],
              "reorderEnabled": true,
              "settings": Object {
                "blockedPopoutsThrowError": true,
                "closePopoutsOnUnload": true,
                "constrainDragToContainer": false,
                "hasHeaders": true,
                "popoutWholeStack": false,
                "reorderEnabled": true,
                "reorderOnTabMenuClick": true,
                "responsiveMode": "onload",
                "selectionEnabled": false,
                "showCloseIcon": true,
                "showMaximiseIcon": true,
                "showPopoutIcon": false,
                "tabControlOffset": 10,
                "tabOverlapAllowance": 0,
              },
              "title": "",
            },
          },
          "ref": null,
          "rendered": null,
          "type": [Function],
        },
      ],
      "type": [Function],
    },
  ],
  Symbol(enzyme.__options__): Object {
    "adapter": ReactFifteenAdapter {
      "options": Object {
        "supportPrevContextArgumentOfComponentDidUpdate": true,
      },
    },
  },
}
`;
